> Task :yappy-models:pipeline-config-models:compileTestJava FAILED
/Users/krickert/IdeaProjects/yappy-work/yappy-models/pipeline-config-models/src/test/java/com/krickert/search/config/pipeline/model/PipelineGraphConfigTest.java:84: error: no suitable constructor found for PipelineStepConfig(String,StepType,String,<null>,JsonConfigOptions,Map<String,OutputTarget>,int,long,long,double,<null>,ProcessorInfo)
        PipelineStepConfig kafkaStep = new PipelineStepConfig(
                                       ^
    constructor PipelineStepConfig.PipelineStepConfig(String,StepType,String,String,JsonConfigOptions,List<KafkaInputDefinition>,Map<String,OutputTarget>,Integer,Long,Long,Double,Long,ProcessorInfo) is not applicable
      (actual and formal argument lists differ in length)
    constructor PipelineStepConfig.PipelineStepConfig(String,StepType,ProcessorInfo,JsonConfigOptions,String) is not applicable
      (actual and formal argument lists differ in length)
    constructor PipelineStepConfig.PipelineStepConfig(String,StepType,ProcessorInfo,JsonConfigOptions) is not applicable
      (actual and formal argument lists differ in length)
    constructor PipelineStepConfig.PipelineStepConfig(String,StepType,ProcessorInfo) is not applicable
      (actual and formal argument lists differ in length)
/Users/krickert/IdeaProjects/yappy-work/yappy-models/pipeline-config-models/src/test/java/com/krickert/search/config/pipeline/model/PipelineGraphConfigTest.java:170: error: no suitable constructor found for PipelineStepConfig(String,StepType,String,<null>,JsonConfigOptions,Map<String,OutputTarget>,int,long,long,double,<null>,ProcessorInfo)
        PipelineStepConfig grpcStep = new PipelineStepConfig(
                                      ^
    constructor PipelineStepConfig.PipelineStepConfig(String,StepType,String,String,JsonConfigOptions,List<KafkaInputDefinition>,Map<String,OutputTarget>,Integer,Long,Long,Double,Long,ProcessorInfo) is not applicable
      (actual and formal argument lists differ in length)
    constructor PipelineStepConfig.PipelineStepConfig(String,StepType,ProcessorInfo,JsonConfigOptions,String) is not applicable
      (actual and formal argument lists differ in length)
    constructor PipelineStepConfig.PipelineStepConfig(String,StepType,ProcessorInfo,JsonConfigOptions) is not applicable
      (actual and formal argument lists differ in length)
    constructor PipelineStepConfig.PipelineStepConfig(String,StepType,ProcessorInfo) is not applicable
      (actual and formal argument lists differ in length)
/Users/krickert/IdeaProjects/yappy-work/yappy-models/pipeline-config-models/src/test/java/com/krickert/search/config/pipeline/model/PipelineGraphConfigTest.java:224: error: no suitable constructor found for PipelineStepConfig(String,StepType,String,<null>,<null>,Map<String,OutputTarget>,int,long,long,double,<null>,ProcessorInfo)
        PipelineStepConfig internalStep = new PipelineStepConfig(
                                          ^
    constructor PipelineStepConfig.PipelineStepConfig(String,StepType,String,String,JsonConfigOptions,List<KafkaInputDefinition>,Map<String,OutputTarget>,Integer,Long,Long,Double,Long,ProcessorInfo) is not applicable
      (actual and formal argument lists differ in length)
    constructor PipelineStepConfig.PipelineStepConfig(String,StepType,ProcessorInfo,JsonConfigOptions,String) is not applicable
      (actual and formal argument lists differ in length)
    constructor PipelineStepConfig.PipelineStepConfig(String,StepType,ProcessorInfo,JsonConfigOptions) is not applicable
      (actual and formal argument lists differ in length)
    constructor PipelineStepConfig.PipelineStepConfig(String,StepType,ProcessorInfo) is not applicable
      (actual and formal argument lists differ in length)
/Users/krickert/IdeaProjects/yappy-work/yappy-models/pipeline-config-models/src/test/java/com/krickert/search/config/pipeline/model/PipelineGraphConfigTest.java:285: error: no suitable constructor found for PipelineStepConfig(String,StepType,String,String,JsonConfigOptions,Map<String,OutputTarget>,int,long,long,double,long,ProcessorInfo)
        PipelineStepConfig step = new PipelineStepConfig(
                                  ^
    constructor PipelineStepConfig.PipelineStepConfig(String,StepType,String,String,JsonConfigOptions,List<KafkaInputDefinition>,Map<String,OutputTarget>,Integer,Long,Long,Double,Long,ProcessorInfo) is not applicable
      (actual and formal argument lists differ in length)
    constructor PipelineStepConfig.PipelineStepConfig(String,StepType,ProcessorInfo,JsonConfigOptions,String) is not applicable
      (actual and formal argument lists differ in length)
    constructor PipelineStepConfig.PipelineStepConfig(String,StepType,ProcessorInfo,JsonConfigOptions) is not applicable
      (actual and formal argument lists differ in length)
    constructor PipelineStepConfig.PipelineStepConfig(String,StepType,ProcessorInfo) is not applicable
      (actual and formal argument lists differ in length)
/Users/krickert/IdeaProjects/yappy-work/yappy-models/pipeline-config-models/src/test/java/com/krickert/search/config/pipeline/model/PipelineStepConfigTest.java:68: error: no suitable constructor found for PipelineStepConfig(String,StepType,String,String,JsonConfigOptions,Map<String,OutputTarget>,int,long,long,double,long,ProcessorInfo)
        PipelineStepConfig config = new PipelineStepConfig(
                                    ^
    constructor PipelineStepConfig.PipelineStepConfig(String,StepType,String,String,JsonConfigOptions,List<KafkaInputDefinition>,Map<String,OutputTarget>,Integer,Long,Long,Double,Long,ProcessorInfo) is not applicable
      (actual and formal argument lists differ in length)
    constructor PipelineStepConfig.PipelineStepConfig(String,StepType,ProcessorInfo,JsonConfigOptions,String) is not applicable
      (actual and formal argument lists differ in length)
    constructor PipelineStepConfig.PipelineStepConfig(String,StepType,ProcessorInfo,JsonConfigOptions) is not applicable
      (actual and formal argument lists differ in length)
    constructor PipelineStepConfig.PipelineStepConfig(String,StepType,ProcessorInfo) is not applicable
      (actual and formal argument lists differ in length)
/Users/krickert/IdeaProjects/yappy-work/yappy-models/pipeline-config-models/src/test/java/com/krickert/search/config/pipeline/model/PipelineStepConfigTest.java:147: error: no suitable constructor found for PipelineStepConfig(String,StepType,String,<null>,JsonConfigOptions,Map<String,OutputTarget>,int,long,long,double,long,ProcessorInfo)
        PipelineStepConfig config = new PipelineStepConfig(
                                    ^
    constructor PipelineStepConfig.PipelineStepConfig(String,StepType,String,String,JsonConfigOptions,List<KafkaInputDefinition>,Map<String,OutputTarget>,Integer,Long,Long,Double,Long,ProcessorInfo) is not applicable
      (actual and formal argument lists differ in length)
    constructor PipelineStepConfig.PipelineStepConfig(String,StepType,ProcessorInfo,JsonConfigOptions,String) is not applicable
      (actual and formal argument lists differ in length)
    constructor PipelineStepConfig.PipelineStepConfig(String,StepType,ProcessorInfo,JsonConfigOptions) is not applicable
      (actual and formal argument lists differ in length)
    constructor PipelineStepConfig.PipelineStepConfig(String,StepType,ProcessorInfo) is not applicable
      (actual and formal argument lists differ in length)
/Users/krickert/IdeaProjects/yappy-work/yappy-models/pipeline-config-models/src/test/java/com/krickert/search/config/pipeline/model/PipelineStepConfigTest.java:197: error: no suitable constructor found for PipelineStepConfig(String,StepType,String,<null>,<null>,Map<String,OutputTarget>,int,long,long,double,<null>,ProcessorInfo)
        PipelineStepConfig config = new PipelineStepConfig(
                                    ^
    constructor PipelineStepConfig.PipelineStepConfig(String,StepType,String,String,JsonConfigOptions,List<KafkaInputDefinition>,Map<String,OutputTarget>,Integer,Long,Long,Double,Long,ProcessorInfo) is not applicable
      (actual and formal argument lists differ in length)
    constructor PipelineStepConfig.PipelineStepConfig(String,StepType,ProcessorInfo,JsonConfigOptions,String) is not applicable
      (actual and formal argument lists differ in length)
    constructor PipelineStepConfig.PipelineStepConfig(String,StepType,ProcessorInfo,JsonConfigOptions) is not applicable
      (actual and formal argument lists differ in length)
    constructor PipelineStepConfig.PipelineStepConfig(String,StepType,ProcessorInfo) is not applicable
      (actual and formal argument lists differ in length)
/Users/krickert/IdeaProjects/yappy-work/yappy-models/pipeline-config-models/src/test/java/com/krickert/search/config/pipeline/model/PipelineStepConfigTest.java:226: error: no suitable constructor found for PipelineStepConfig(<null>,StepType,<null>,<null>,<null>,Map<String,OutputTarget>,int,long,long,double,long,ProcessorInfo)
        Exception e1 = assertThrows(NullPointerException.class, () -> new PipelineStepConfig(
                                                                      ^
    constructor PipelineStepConfig.PipelineStepConfig(String,StepType,String,String,JsonConfigOptions,List<KafkaInputDefinition>,Map<String,OutputTarget>,Integer,Long,Long,Double,Long,ProcessorInfo) is not applicable
      (actual and formal argument lists differ in length)
    constructor PipelineStepConfig.PipelineStepConfig(String,StepType,ProcessorInfo,JsonConfigOptions,String) is not applicable
      (actual and formal argument lists differ in length)
    constructor PipelineStepConfig.PipelineStepConfig(String,StepType,ProcessorInfo,JsonConfigOptions) is not applicable
      (actual and formal argument lists differ in length)
    constructor PipelineStepConfig.PipelineStepConfig(String,StepType,ProcessorInfo) is not applicable
      (actual and formal argument lists differ in length)
/Users/krickert/IdeaProjects/yappy-work/yappy-models/pipeline-config-models/src/test/java/com/krickert/search/config/pipeline/model/PipelineStepConfigTest.java:230: error: no suitable constructor found for PipelineStepConfig(String,StepType,<null>,<null>,<null>,Map<String,OutputTarget>,int,long,long,double,long,<null>)
        Exception e3 = assertThrows(NullPointerException.class, () -> new PipelineStepConfig(
                                                                      ^
    constructor PipelineStepConfig.PipelineStepConfig(String,StepType,String,String,JsonConfigOptions,List<KafkaInputDefinition>,Map<String,OutputTarget>,Integer,Long,Long,Double,Long,ProcessorInfo) is not applicable
      (actual and formal argument lists differ in length)
    constructor PipelineStepConfig.PipelineStepConfig(String,StepType,ProcessorInfo,JsonConfigOptions,String) is not applicable
      (actual and formal argument lists differ in length)
    constructor PipelineStepConfig.PipelineStepConfig(String,StepType,ProcessorInfo,JsonConfigOptions) is not applicable
      (actual and formal argument lists differ in length)
    constructor PipelineStepConfig.PipelineStepConfig(String,StepType,ProcessorInfo) is not applicable
      (actual and formal argument lists differ in length)
/Users/krickert/IdeaProjects/yappy-work/yappy-models/pipeline-config-models/src/test/java/com/krickert/search/config/pipeline/model/PipelineStepConfigTest.java:234: error: no suitable constructor found for PipelineStepConfig(String,<null>,<null>,<null>,<null>,Map<String,OutputTarget>,int,long,long,double,long,ProcessorInfo)
        Exception eStepTypeNull = assertThrows(NullPointerException.class, () -> new PipelineStepConfig(
                                                                                 ^
    constructor PipelineStepConfig.PipelineStepConfig(String,StepType,String,String,JsonConfigOptions,List<KafkaInputDefinition>,Map<String,OutputTarget>,Integer,Long,Long,Double,Long,ProcessorInfo) is not applicable
      (actual and formal argument lists differ in length)
    constructor PipelineStepConfig.PipelineStepConfig(String,StepType,ProcessorInfo,JsonConfigOptions,String) is not applicable
      (actual and formal argument lists differ in length)
    constructor PipelineStepConfig.PipelineStepConfig(String,StepType,ProcessorInfo,JsonConfigOptions) is not applicable
      (actual and formal argument lists differ in length)
    constructor PipelineStepConfig.PipelineStepConfig(String,StepType,ProcessorInfo) is not applicable
      (actual and formal argument lists differ in length)
/Users/krickert/IdeaProjects/yappy-work/yappy-models/pipeline-config-models/src/test/java/com/krickert/search/config/pipeline/model/PipelineStepConfigTest.java:238: error: no suitable constructor found for PipelineStepConfig(String,StepType,<null>,<null>,<null>,Map<String,OutputTarget>,int,long,long,double,long,ProcessorInfo)
        Exception e4 = assertThrows(IllegalArgumentException.class, () -> new PipelineStepConfig(
                                                                          ^
    constructor PipelineStepConfig.PipelineStepConfig(String,StepType,String,String,JsonConfigOptions,List<KafkaInputDefinition>,Map<String,OutputTarget>,Integer,Long,Long,Double,Long,ProcessorInfo) is not applicable
      (actual and formal argument lists differ in length)
    constructor PipelineStepConfig.PipelineStepConfig(String,StepType,ProcessorInfo,JsonConfigOptions,String) is not applicable
      (actual and formal argument lists differ in length)
    constructor PipelineStepConfig.PipelineStepConfig(String,StepType,ProcessorInfo,JsonConfigOptions) is not applicable
      (actual and formal argument lists differ in length)
    constructor PipelineStepConfig.PipelineStepConfig(String,StepType,ProcessorInfo) is not applicable
      (actual and formal argument lists differ in length)
/Users/krickert/IdeaProjects/yappy-work/yappy-models/pipeline-config-models/src/test/java/com/krickert/search/config/pipeline/model/PipelineStepConfigTest.java:242: error: no suitable constructor found for PipelineStepConfig(String,StepType,<null>,<null>,<null>,Map<String,OutputTarget>,int,long,long,double,long,ProcessorInfo)
        Exception e5 = assertThrows(IllegalArgumentException.class, () -> new PipelineStepConfig(
                                                                          ^
    constructor PipelineStepConfig.PipelineStepConfig(String,StepType,String,String,JsonConfigOptions,List<KafkaInputDefinition>,Map<String,OutputTarget>,Integer,Long,Long,Double,Long,ProcessorInfo) is not applicable
      (actual and formal argument lists differ in length)
    constructor PipelineStepConfig.PipelineStepConfig(String,StepType,ProcessorInfo,JsonConfigOptions,String) is not applicable
      (actual and formal argument lists differ in length)
    constructor PipelineStepConfig.PipelineStepConfig(String,StepType,ProcessorInfo,JsonConfigOptions) is not applicable
      (actual and formal argument lists differ in length)
    constructor PipelineStepConfig.PipelineStepConfig(String,StepType,ProcessorInfo) is not applicable
      (actual and formal argument lists differ in length)
/Users/krickert/IdeaProjects/yappy-work/yappy-models/pipeline-config-models/src/test/java/com/krickert/search/config/pipeline/model/PipelineStepConfigTest.java:246: error: no suitable constructor found for PipelineStepConfig(String,StepType,<null>,<null>,<null>,<null>,int,long,long,double,<null>,ProcessorInfo)
        PipelineStepConfig configWithNullOutputs = new PipelineStepConfig(
                                                   ^
    constructor PipelineStepConfig.PipelineStepConfig(String,StepType,String,String,JsonConfigOptions,List<KafkaInputDefinition>,Map<String,OutputTarget>,Integer,Long,Long,Double,Long,ProcessorInfo) is not applicable
      (actual and formal argument lists differ in length)
    constructor PipelineStepConfig.PipelineStepConfig(String,StepType,ProcessorInfo,JsonConfigOptions,String) is not applicable
      (actual and formal argument lists differ in length)
    constructor PipelineStepConfig.PipelineStepConfig(String,StepType,ProcessorInfo,JsonConfigOptions) is not applicable
      (actual and formal argument lists differ in length)
    constructor PipelineStepConfig.PipelineStepConfig(String,StepType,ProcessorInfo) is not applicable
      (actual and formal argument lists differ in length)
/Users/krickert/IdeaProjects/yappy-work/yappy-models/pipeline-config-models/src/test/java/com/krickert/search/config/pipeline/model/PipelineStepConfigTest.java:298: error: no suitable constructor found for PipelineStepConfig(String,StepType,String,String,JsonConfigOptions,Map<String,OutputTarget>,int,long,long,double,long,ProcessorInfo)
        PipelineStepConfig config = new PipelineStepConfig(
                                    ^
    constructor PipelineStepConfig.PipelineStepConfig(String,StepType,String,String,JsonConfigOptions,List<KafkaInputDefinition>,Map<String,OutputTarget>,Integer,Long,Long,Double,Long,ProcessorInfo) is not applicable
      (actual and formal argument lists differ in length)
    constructor PipelineStepConfig.PipelineStepConfig(String,StepType,ProcessorInfo,JsonConfigOptions,String) is not applicable
      (actual and formal argument lists differ in length)
    constructor PipelineStepConfig.PipelineStepConfig(String,StepType,ProcessorInfo,JsonConfigOptions) is not applicable
      (actual and formal argument lists differ in length)
    constructor PipelineStepConfig.PipelineStepConfig(String,StepType,ProcessorInfo) is not applicable
      (actual and formal argument lists differ in length)
/Users/krickert/IdeaProjects/yappy-work/yappy-models/pipeline-config-models/src/test/java/com/krickert/search/config/pipeline/model/PipelineConfigTest.java:97: error: no suitable constructor found for PipelineStepConfig(String,newStepTyp[...]pType,String,String,JsonConfigOptions,Map<String,OutputTarget>,int,long,long,double,<null>,ProcessorInfo)
        return new PipelineStepConfig(
               ^
    constructor PipelineStepConfig.PipelineStepConfig(String,StepType,String,String,JsonConfigOptions,List<KafkaInputDefinition>,Map<String,OutputTarget>,Integer,Long,Long,Double,Long,ProcessorInfo) is not applicable
      (actual and formal argument lists differ in length)
    constructor PipelineStepConfig.PipelineStepConfig(String,StepType,ProcessorInfo,JsonConfigOptions,String) is not applicable
      (actual and formal argument lists differ in length)
    constructor PipelineStepConfig.PipelineStepConfig(String,StepType,ProcessorInfo,JsonConfigOptions) is not applicable
      (actual and formal argument lists differ in length)
    constructor PipelineStepConfig.PipelineStepConfig(String,StepType,ProcessorInfo) is not applicable
      (actual and formal argument lists differ in length)
/Users/krickert/IdeaProjects/yappy-work/yappy-models/pipeline-config-models/src/test/java/com/krickert/search/config/pipeline/model/PipelineConfigTest.java:129: error: no suitable constructor found for PipelineStepConfig(String,StepType,String,String,JsonConfigOptions,Map<String,OutputTarget>,Integer,Long,Long,Double,Long,ProcessorInfo)
        kafkaStep = new PipelineStepConfig(kafkaStep.stepName(), kafkaStep.stepType(), kafkaStep.description(),
                    ^
    constructor PipelineStepConfig.PipelineStepConfig(String,StepType,String,String,JsonConfigOptions,List<KafkaInputDefinition>,Map<String,OutputTarget>,Integer,Long,Long,Double,Long,ProcessorInfo) is not applicable
      (actual and formal argument lists differ in length)
    constructor PipelineStepConfig.PipelineStepConfig(String,StepType,ProcessorInfo,JsonConfigOptions,String) is not applicable
      (actual and formal argument lists differ in length)
    constructor PipelineStepConfig.PipelineStepConfig(String,StepType,ProcessorInfo,JsonConfigOptions) is not applicable
      (actual and formal argument lists differ in length)
    constructor PipelineStepConfig.PipelineStepConfig(String,StepType,ProcessorInfo) is not applicable
      (actual and formal argument lists differ in length)
/Users/krickert/IdeaProjects/yappy-work/yappy-models/pipeline-config-models/src/test/java/com/krickert/search/config/pipeline/model/PipelineConfigTest.java:146: error: no suitable constructor found for PipelineStepConfig(String,StepType,String,<null>,<null>,Map<Object,Object>,int,long,long,double,<null>,ProcessorInfo)
        PipelineStepConfig internalStep = new PipelineStepConfig(
                                          ^
    constructor PipelineStepConfig.PipelineStepConfig(String,StepType,String,String,JsonConfigOptions,List<KafkaInputDefinition>,Map<String,OutputTarget>,Integer,Long,Long,Double,Long,ProcessorInfo) is not applicable
      (actual and formal argument lists differ in length)
    constructor PipelineStepConfig.PipelineStepConfig(String,StepType,ProcessorInfo,JsonConfigOptions,String) is not applicable
      (actual and formal argument lists differ in length)
    constructor PipelineStepConfig.PipelineStepConfig(String,StepType,ProcessorInfo,JsonConfigOptions) is not applicable
      (actual and formal argument lists differ in length)
    constructor PipelineStepConfig.PipelineStepConfig(String,StepType,ProcessorInfo) is not applicable
      (actual and formal argument lists differ in length)
/Users/krickert/IdeaProjects/yappy-work/yappy-models/pipeline-config-models/src/test/java/com/krickert/search/config/pipeline/model/PipelineConfigTest.java:229: error: no suitable constructor found for PipelineStepConfig(String,StepType,String,String,JsonConfigOptions,Map<String,OutputTarget>,int,long,long,double,long,ProcessorInfo)
        PipelineStepConfig step = new PipelineStepConfig(
                                  ^
    constructor PipelineStepConfig.PipelineStepConfig(String,StepType,String,String,JsonConfigOptions,List<KafkaInputDefinition>,Map<String,OutputTarget>,Integer,Long,Long,Double,Long,ProcessorInfo) is not applicable
      (actual and formal argument lists differ in length)
    constructor PipelineStepConfig.PipelineStepConfig(String,StepType,ProcessorInfo,JsonConfigOptions,String) is not applicable
      (actual and formal argument lists differ in length)
    constructor PipelineStepConfig.PipelineStepConfig(String,StepType,ProcessorInfo,JsonConfigOptions) is not applicable
      (actual and formal argument lists differ in length)
    constructor PipelineStepConfig.PipelineStepConfig(String,StepType,ProcessorInfo) is not applicable
      (actual and formal argument lists differ in length)
/Users/krickert/IdeaProjects/yappy-work/yappy-models/pipeline-config-models/src/test/java/com/krickert/search/config/pipeline/model/PipelineConfigTest.java:335: error: no suitable constructor found for PipelineStepConfig(String,StepType,String,String,JsonConfigOptions,Map<Object,Object>,int,long,long,double,long,ProcessorInfo)
        PipelineStepConfig internalStep = new PipelineStepConfig(
                                          ^
    constructor PipelineStepConfig.PipelineStepConfig(String,StepType,String,String,JsonConfigOptions,List<KafkaInputDefinition>,Map<String,OutputTarget>,Integer,Long,Long,Double,Long,ProcessorInfo) is not applicable
      (actual and formal argument lists differ in length)
    constructor PipelineStepConfig.PipelineStepConfig(String,StepType,ProcessorInfo,JsonConfigOptions,String) is not applicable
      (actual and formal argument lists differ in length)
    constructor PipelineStepConfig.PipelineStepConfig(String,StepType,ProcessorInfo,JsonConfigOptions) is not applicable
      (actual and formal argument lists differ in length)
    constructor PipelineStepConfig.PipelineStepConfig(String,StepType,ProcessorInfo) is not applicable
      (actual and formal argument lists differ in length)
/Users/krickert/IdeaProjects/yappy-work/yappy-models/pipeline-config-models/src/test/java/com/krickert/search/config/pipeline/model/PipelineConfigTest.java:350: error: no suitable constructor found for PipelineStepConfig(String,StepType,String,String,JsonConfigOptions,Map<Object,Object>,int,long,long,double,long,ProcessorInfo)
        PipelineStepConfig anotherStep = new PipelineStepConfig(
                                         ^
    constructor PipelineStepConfig.PipelineStepConfig(String,StepType,String,String,JsonConfigOptions,List<KafkaInputDefinition>,Map<String,OutputTarget>,Integer,Long,Long,Double,Long,ProcessorInfo) is not applicable
      (actual and formal argument lists differ in length)
    constructor PipelineStepConfig.PipelineStepConfig(String,StepType,ProcessorInfo,JsonConfigOptions,String) is not applicable
      (actual and formal argument lists differ in length)
    constructor PipelineStepConfig.PipelineStepConfig(String,StepType,ProcessorInfo,JsonConfigOptions) is not applicable
      (actual and formal argument lists differ in length)
    constructor PipelineStepConfig.PipelineStepConfig(String,StepType,ProcessorInfo) is not applicable
      (actual and formal argument lists differ in length)
/Users/krickert/IdeaProjects/yappy-work/yappy-models/pipeline-config-models/src/test/java/com/krickert/search/config/pipeline/model/StepTypeTest.java:58: error: no suitable constructor found for PipelineStepConfig(String,<null>,<null>,<null>,<null>,Map<Object,Object>,int,long,long,double,<null>,ProcessorInfo)
        Exception e = assertThrows(NullPointerException.class, () -> new PipelineStepConfig(
                                                                     ^
    constructor PipelineStepConfig.PipelineStepConfig(String,StepType,String,String,JsonConfigOptions,List<KafkaInputDefinition>,Map<String,OutputTarget>,Integer,Long,Long,Double,Long,ProcessorInfo) is not applicable
      (actual and formal argument lists differ in length)
    constructor PipelineStepConfig.PipelineStepConfig(String,StepType,ProcessorInfo,JsonConfigOptions,String) is not applicable
      (actual and formal argument lists differ in length)
    constructor PipelineStepConfig.PipelineStepConfig(String,StepType,ProcessorInfo,JsonConfigOptions) is not applicable
      (actual and formal argument lists differ in length)
    constructor PipelineStepConfig.PipelineStepConfig(String,StepType,ProcessorInfo) is not applicable
      (actual and formal argument lists differ in length)
/Users/krickert/IdeaProjects/yappy-work/yappy-models/pipeline-config-models/src/test/java/com/krickert/search/config/pipeline/model/StepTypeTest.java:80: error: no suitable constructor found for PipelineStepConfig(String,StepType,<null>,<null>,<null>,Map<String,OutputTarget>,int,long,long,double,long,ProcessorInfo)
        PipelineStepConfig pipelineStep = new PipelineStepConfig(
                                          ^
    constructor PipelineStepConfig.PipelineStepConfig(String,StepType,String,String,JsonConfigOptions,List<KafkaInputDefinition>,Map<String,OutputTarget>,Integer,Long,Long,Double,Long,ProcessorInfo) is not applicable
      (actual and formal argument lists differ in length)
    constructor PipelineStepConfig.PipelineStepConfig(String,StepType,ProcessorInfo,JsonConfigOptions,String) is not applicable
      (actual and formal argument lists differ in length)
    constructor PipelineStepConfig.PipelineStepConfig(String,StepType,ProcessorInfo,JsonConfigOptions) is not applicable
      (actual and formal argument lists differ in length)
    constructor PipelineStepConfig.PipelineStepConfig(String,StepType,ProcessorInfo) is not applicable
      (actual and formal argument lists differ in length)
/Users/krickert/IdeaProjects/yappy-work/yappy-models/pipeline-config-models/src/test/java/com/krickert/search/config/pipeline/model/StepTypeTest.java:85: error: no suitable constructor found for PipelineStepConfig(String,StepType,<null>,<null>,<null>,Map<String,OutputTarget>,int,long,long,double,long,ProcessorInfo)
        PipelineStepConfig initialStep = new PipelineStepConfig(
                                         ^
    constructor PipelineStepConfig.PipelineStepConfig(String,StepType,String,String,JsonConfigOptions,List<KafkaInputDefinition>,Map<String,OutputTarget>,Integer,Long,Long,Double,Long,ProcessorInfo) is not applicable
      (actual and formal argument lists differ in length)
    constructor PipelineStepConfig.PipelineStepConfig(String,StepType,ProcessorInfo,JsonConfigOptions,String) is not applicable
      (actual and formal argument lists differ in length)
    constructor PipelineStepConfig.PipelineStepConfig(String,StepType,ProcessorInfo,JsonConfigOptions) is not applicable
      (actual and formal argument lists differ in length)
    constructor PipelineStepConfig.PipelineStepConfig(String,StepType,ProcessorInfo) is not applicable
      (actual and formal argument lists differ in length)
/Users/krickert/IdeaProjects/yappy-work/yappy-models/pipeline-config-models/src/test/java/com/krickert/search/config/pipeline/model/StepTypeTest.java:91: error: no suitable constructor found for PipelineStepConfig(String,StepType,<null>,<null>,<null>,Map<String,OutputTarget>,int,long,long,double,long,ProcessorInfo)
        PipelineStepConfig sinkStep = new PipelineStepConfig(
                                      ^
    constructor PipelineStepConfig.PipelineStepConfig(String,StepType,String,String,JsonConfigOptions,List<KafkaInputDefinition>,Map<String,OutputTarget>,Integer,Long,Long,Double,Long,ProcessorInfo) is not applicable
      (actual and formal argument lists differ in length)
    constructor PipelineStepConfig.PipelineStepConfig(String,StepType,ProcessorInfo,JsonConfigOptions,String) is not applicable
      (actual and formal argument lists differ in length)
    constructor PipelineStepConfig.PipelineStepConfig(String,StepType,ProcessorInfo,JsonConfigOptions) is not applicable
      (actual and formal argument lists differ in length)
    constructor PipelineStepConfig.PipelineStepConfig(String,StepType,ProcessorInfo) is not applicable
      (actual and formal argument lists differ in length)
/Users/krickert/IdeaProjects/yappy-work/yappy-models/pipeline-config-models/src/test/java/com/krickert/search/config/pipeline/model/StepTypeTest.java:110: error: no suitable constructor found for PipelineStepConfig(String,StepType,String,String,JsonConfigOptions,Map<String,OutputTarget>,int,long,long,double,long,ProcessorInfo)
        PipelineStepConfig config = new PipelineStepConfig(
                                    ^
    constructor PipelineStepConfig.PipelineStepConfig(String,StepType,String,String,JsonConfigOptions,List<KafkaInputDefinition>,Map<String,OutputTarget>,Integer,Long,Long,Double,Long,ProcessorInfo) is not applicable
      (actual and formal argument lists differ in length)
    constructor PipelineStepConfig.PipelineStepConfig(String,StepType,ProcessorInfo,JsonConfigOptions,String) is not applicable
      (actual and formal argument lists differ in length)
    constructor PipelineStepConfig.PipelineStepConfig(String,StepType,ProcessorInfo,JsonConfigOptions) is not applicable
      (actual and formal argument lists differ in length)
    constructor PipelineStepConfig.PipelineStepConfig(String,StepType,ProcessorInfo) is not applicable
      (actual and formal argument lists differ in length)
/Users/krickert/IdeaProjects/yappy-work/yappy-models/pipeline-config-models/src/test/java/com/krickert/search/config/pipeline/model/PipelineClusterConfigTest.java:95: error: no suitable constructor found for PipelineStepConfig(String,stepType =[...]pType,String,String,JsonConfigOptions,Map<String,OutputTarget>,int,long,long,double,<null>,ProcessorInfo)
        return new PipelineStepConfig(
               ^
    constructor PipelineStepConfig.PipelineStepConfig(String,StepType,String,String,JsonConfigOptions,List<KafkaInputDefinition>,Map<String,OutputTarget>,Integer,Long,Long,Double,Long,ProcessorInfo) is not applicable
      (actual and formal argument lists differ in length)
    constructor PipelineStepConfig.PipelineStepConfig(String,StepType,ProcessorInfo,JsonConfigOptions,String) is not applicable
      (actual and formal argument lists differ in length)
    constructor PipelineStepConfig.PipelineStepConfig(String,StepType,ProcessorInfo,JsonConfigOptions) is not applicable
      (actual and formal argument lists differ in length)
    constructor PipelineStepConfig.PipelineStepConfig(String,StepType,ProcessorInfo) is not applicable
      (actual and formal argument lists differ in length)
/Users/krickert/IdeaProjects/yappy-work/yappy-models/pipeline-config-models/src/test/java/com/krickert/search/config/pipeline/model/PipelineClusterConfigTest.java:119: error: no suitable constructor found for PipelineStepConfig(String,StepType,String,String,JsonConfigOptions,Map<Object,Object>,int,long,long,double,<null>,ProcessorInfo)
        PipelineStepConfig step1_2 = new PipelineStepConfig("p1s2", com.krickert.search.config.pipeline.model.StepType.SINK,
                                     ^
    constructor PipelineStepConfig.PipelineStepConfig(String,StepType,String,String,JsonConfigOptions,List<KafkaInputDefinition>,Map<String,OutputTarget>,Integer,Long,Long,Double,Long,ProcessorInfo) is not applicable
      (actual and formal argument lists differ in length)
    constructor PipelineStepConfig.PipelineStepConfig(String,StepType,ProcessorInfo,JsonConfigOptions,String) is not applicable
      (actual and formal argument lists differ in length)
    constructor PipelineStepConfig.PipelineStepConfig(String,StepType,ProcessorInfo,JsonConfigOptions) is not applicable
      (actual and formal argument lists differ in length)
    constructor PipelineStepConfig.PipelineStepConfig(String,StepType,ProcessorInfo) is not applicable
      (actual and formal argument lists differ in length)
/Users/krickert/IdeaProjects/yappy-work/yappy-models/pipeline-config-models/src/test/java/com/krickert/search/config/pipeline/model/PipelineClusterConfigTest.java:335: error: no suitable constructor found for PipelineStepConfig(String,StepType,<null>,<null>,<null>,Map<Object,Object>,int,long,long,double,long,ProcessorInfo)
        PipelineStepConfig step = new PipelineStepConfig(
                                  ^
    constructor PipelineStepConfig.PipelineStepConfig(String,StepType,String,String,JsonConfigOptions,List<KafkaInputDefinition>,Map<String,OutputTarget>,Integer,Long,Long,Double,Long,ProcessorInfo) is not applicable
      (actual and formal argument lists differ in length)
    constructor PipelineStepConfig.PipelineStepConfig(String,StepType,ProcessorInfo,JsonConfigOptions,String) is not applicable
      (actual and formal argument lists differ in length)
    constructor PipelineStepConfig.PipelineStepConfig(String,StepType,ProcessorInfo,JsonConfigOptions) is not applicable
      (actual and formal argument lists differ in length)
    constructor PipelineStepConfig.PipelineStepConfig(String,StepType,ProcessorInfo) is not applicable
      (actual and formal argument lists differ in length)
/Users/krickert/IdeaProjects/yappy-work/yappy-models/pipeline-config-models/src/test/java/com/krickert/search/config/pipeline/model/PipelineClusterConfigTest.java:372: error: no suitable constructor found for PipelineStepConfig(String,StepType,String,String,JsonConfigOptions,Map<String,OutputTarget>,int,long,long,double,long,ProcessorInfo)
        PipelineStepConfig stepA1 = new PipelineStepConfig("s1", StepType.PIPELINE, "desc", "schema", createJsonConfigOptions("{}"), outputs1, 0,1L,1L,1.0,0L, procInfoKafkaMod);
                                    ^
    constructor PipelineStepConfig.PipelineStepConfig(String,StepType,String,String,JsonConfigOptions,List<KafkaInputDefinition>,Map<String,OutputTarget>,Integer,Long,Long,Double,Long,ProcessorInfo) is not applicable
      (actual and formal argument lists differ in length)
    constructor PipelineStepConfig.PipelineStepConfig(String,StepType,ProcessorInfo,JsonConfigOptions,String) is not applicable
      (actual and formal argument lists differ in length)
    constructor PipelineStepConfig.PipelineStepConfig(String,StepType,ProcessorInfo,JsonConfigOptions) is not applicable
      (actual and formal argument lists differ in length)
    constructor PipelineStepConfig.PipelineStepConfig(String,StepType,ProcessorInfo) is not applicable
      (actual and formal argument lists differ in length)
/Users/krickert/IdeaProjects/yappy-work/yappy-models/pipeline-config-models/src/test/java/com/krickert/search/config/pipeline/model/PipelineClusterConfigTest.java:375: error: no suitable constructor found for PipelineStepConfig(String,StepType,String,String,JsonConfigOptions,Map<String,OutputTarget>,int,long,long,double,long,ProcessorInfo)
        PipelineStepConfig stepA2 = new PipelineStepConfig("s2", StepType.SINK, "desc", "schema_grpc", createJsonConfigOptions("{}"), outputs2, 0,1L,1L,1.0,0L, procInfoGrpcMod);
                                    ^
    constructor PipelineStepConfig.PipelineStepConfig(String,StepType,String,String,JsonConfigOptions,List<KafkaInputDefinition>,Map<String,OutputTarget>,Integer,Long,Long,Double,Long,ProcessorInfo) is not applicable
      (actual and formal argument lists differ in length)
    constructor PipelineStepConfig.PipelineStepConfig(String,StepType,ProcessorInfo,JsonConfigOptions,String) is not applicable
      (actual and formal argument lists differ in length)
    constructor PipelineStepConfig.PipelineStepConfig(String,StepType,ProcessorInfo,JsonConfigOptions) is not applicable
      (actual and formal argument lists differ in length)
    constructor PipelineStepConfig.PipelineStepConfig(String,StepType,ProcessorInfo) is not applicable
      (actual and formal argument lists differ in length)
/Users/krickert/IdeaProjects/yappy-work/yappy-models/pipeline-config-models/src/test/java/com/krickert/search/config/pipeline/model/PipelineClusterConfigTest.java:378: error: no suitable constructor found for PipelineStepConfig(String,StepType,String,String,JsonConfigOptions,Map<String,OutputTarget>,int,long,long,double,long,ProcessorInfo)
        PipelineStepConfig stepB1 = new PipelineStepConfig("s1", StepType.PIPELINE, "desc", "schema", createJsonConfigOptions("{}"), outputs1, 0,1L,1L,1.0,0L, procInfoKafkaMod);
                                    ^
    constructor PipelineStepConfig.PipelineStepConfig(String,StepType,String,String,JsonConfigOptions,List<KafkaInputDefinition>,Map<String,OutputTarget>,Integer,Long,Long,Double,Long,ProcessorInfo) is not applicable
      (actual and formal argument lists differ in length)
    constructor PipelineStepConfig.PipelineStepConfig(String,StepType,ProcessorInfo,JsonConfigOptions,String) is not applicable
      (actual and formal argument lists differ in length)
    constructor PipelineStepConfig.PipelineStepConfig(String,StepType,ProcessorInfo,JsonConfigOptions) is not applicable
      (actual and formal argument lists differ in length)
    constructor PipelineStepConfig.PipelineStepConfig(String,StepType,ProcessorInfo) is not applicable
      (actual and formal argument lists differ in length)
/Users/krickert/IdeaProjects/yappy-work/yappy-models/pipeline-config-models/src/test/java/com/krickert/search/config/pipeline/model/PipelineClusterConfigTest.java:379: error: no suitable constructor found for PipelineStepConfig(String,StepType,String,String,JsonConfigOptions,Map<String,OutputTarget>,int,long,long,double,long,ProcessorInfo)
        PipelineStepConfig stepB2 = new PipelineStepConfig("s2", StepType.SINK, "desc", "schema_grpc", createJsonConfigOptions("{}"), outputs2, 0,1L,1L,1.0,0L, procInfoGrpcMod);
                                    ^
    constructor PipelineStepConfig.PipelineStepConfig(String,StepType,String,String,JsonConfigOptions,List<KafkaInputDefinition>,Map<String,OutputTarget>,Integer,Long,Long,Double,Long,ProcessorInfo) is not applicable
      (actual and formal argument lists differ in length)
    constructor PipelineStepConfig.PipelineStepConfig(String,StepType,ProcessorInfo,JsonConfigOptions,String) is not applicable
      (actual and formal argument lists differ in length)
    constructor PipelineStepConfig.PipelineStepConfig(String,StepType,ProcessorInfo,JsonConfigOptions) is not applicable
      (actual and formal argument lists differ in length)
    constructor PipelineStepConfig.PipelineStepConfig(String,StepType,ProcessorInfo) is not applicable
      (actual and formal argument lists differ in length)
/Users/krickert/IdeaProjects/yappy-work/yappy-models/pipeline-config-models/src/test/java/com/krickert/search/config/pipeline/model/PipelineClusterConfigTest.java:388: error: no suitable constructor found for PipelineStepConfig(String,StepType,String,String,<null>,Map<Object,Object>,int,long,long,double,long,ProcessorInfo)
        PipelineStepConfig stepC1 = new PipelineStepConfig("s_other", StepType.SINK, "desc", "schema_other",null, Collections.emptyMap(),0,1L,1L,1.0,0L, procInfoInternalMod);
                                    ^
    constructor PipelineStepConfig.PipelineStepConfig(String,StepType,String,String,JsonConfigOptions,List<KafkaInputDefinition>,Map<String,OutputTarget>,Integer,Long,Long,Double,Long,ProcessorInfo) is not applicable
      (actual and formal argument lists differ in length)
    constructor PipelineStepConfig.PipelineStepConfig(String,StepType,ProcessorInfo,JsonConfigOptions,String) is not applicable
      (actual and formal argument lists differ in length)
    constructor PipelineStepConfig.PipelineStepConfig(String,StepType,ProcessorInfo,JsonConfigOptions) is not applicable
      (actual and formal argument lists differ in length)
    constructor PipelineStepConfig.PipelineStepConfig(String,StepType,ProcessorInfo) is not applicable
      (actual and formal argument lists differ in length)
33 errors

[Incubating] Problems report is available at: file:///Users/krickert/IdeaProjects/yappy-work/build/reports/problems/problems-report.html

